[2J[H[0m[0m                             _▄▄▓▒
                      _▄▄▄▄███████▓
██▄▄▄▄             ▄▄▓█████████████▓
▀▓▓▄▄█████▄░░░▄▄  ▒▓▓█████████████▓▌
▀████▀▀▀▀██▄     ▀  ▒▓▓██████████████
▀           ▀■      ▄[30;47m■[37;40m▓▓██████████▀▀|   ▀█████▄▄▄▄▄▄
                   ▐▓█▓██▀▓▓▀▀▀     ▌ ░░    ▀▀▀███████████▀▀▀▀▒▒▄▄▄
                   ▌▓▓▌██▒███▄    ▐▌░   ▒▄▄     ▄█▓▓▓▓▄            ▀▀■■▄
▀██▄▄              █▓▓▌▐████████▄▄▓▓█░     ▀▀▒▒▒▀    ▀▀▀██▄             ▀▀▀▀  ▄█
▒▒   ▄▄█▄▄        ▐█▓▓░▐██████████████                      ▀      _
░        ▀▀▓▄     ▐█▓▓░▐███████████████    ▓▓▓▄▄▄          _▄▄▄▄██▓░
              ▀   ▐█▓▓░▐███████████████▓    ░░░  ▒▒■▄     ▓▓████████▓
                  █▓▓▓ ▓███████████▀▀▀   ■          ▀■    ▐▓▓██████▀▀
                  █▓▓▓ ▓██████████▄▄▄▄░░              ▀   ▄[30;47m■[37;40m███▄▄  ,▄   ▀▀▀■
                  ▐▓▓▀▒█████████████████▌                 █▓██████▄██▓        ▀
 ▄▓▓▀▀▀ ▄▄▄         ░▓▓█████████████████▀                ▐▓▐█████████░
          ▓▓       ▄▓█████████████▀▀█▄▄█  ▀▀▀▀▓▓▄▄▄      ▐▓░█████████▓|  ▄▄▄
                    ▓▓███████████████████▌          ▒▒▒   ▐▓ ▓██████▀▀ .      ▀▀
  ▄▄██▄▄▄           ▓▓▓█░████████████████▌              ░░ ▀▐▓▓███████▀_
  ▀▒▒▒▓▓███        ▌▓▓▓██▄▀██████████████▌                 ░▓▓██████▄██▌
       ▀░░██▄      ▌▐▓▓▓████▄░░▀▀▀▀▀████▒▒                 ▓▓█▀████████
      ▀▀▄  ▀ ▄▄   ░░█▓█▓██████▓▓▒▒░░          ▄▄▄▄        ▐▓▓█▒░░  ▀▀▀▀
                 ▒▒████▓█████████▒▒▒▒▒           ▀▀▀░░▄▄▄ ▀▀▀░░░▒▒▒▒▄
                ▄▄███▀████████▀▀█▀▀ ▀▀▀                ▀▀▀   ▄▄▄▄▄▄▄▓▓▄ φlda
                    ░▓▓▀▀▀▀                                           ▀▀▀▀■[0m
