ษออออออออออออออออออออออออออออออออออออออออออออออออออออออออออออออออออออออออออออออป
บ   AMIBIOS System Configuration (C) 1985-1990, American Megatrends Inc.,      บ
ฬอออออออออออออออออออออออออออออออออออออัออออออออออออออออออออออออออออออออออออออออน
บ Main Processor     : 80386          ณ Base Memory Size   : 640 KB            บ
บ Numeric Processor  : Present        ณ Ext. Memory Size   : 3072 KB           บ
บ Floppy Drive A:    : 1.44 MB, 3ซ"   ณ Hard Disk C: Type  : 47                บ
บ Floppy Drive B:    : 1.2  MB, 5ฌ"   ณ Hard Disk D: Type  : None              บ
บ Display Type       : VGA/PGA/EGA    ณ Serial Port(s)     : 3F8,2F8           บ
บ AMIBIOS Date       : 05/05/91       ณ Parallel Port(s)   : 378               บ
ศอออออออออออออออออออออออออออออออออออออฯออออออออออออออออออออออออออออออออออออออออผ
128 KB CACHE MEMORY
Starting MS-DOS...

HIMEM is testing extended memory...done.

MSCDEX Version 2.23
Copyright (C) Microsoft Corp. 1986-1993. All rights reserved.
       Drive H: = Driver MSCD001 unit 0

C:\>[6m_[25m
